../Core/Src/main.c:81:5:_write	24	static
../Core/Src/main.c:86:6:HAL_UART_RxCpltCallback	16	static
../Core/Src/main.c:100:5:main	24	static
../Core/Src/main.c:167:6:SystemClock_Config	72	static
../Core/Src/main.c:207:13:MX_I2C1_Init	8	static
../Core/Src/main.c:241:13:MX_TIM2_Init	32	static
../Core/Src/main.c:286:13:MX_TIM3_Init	64	static
../Core/Src/main.c:349:13:MX_USART2_UART_Init	8	static
../Core/Src/main.c:382:13:MX_GPIO_Init	40	static
../Core/Src/main.c:433:6:Error_Handler	4	static,ignoring_inline_asm
